---
source: crates/mdroots-syntax/tests/corpus.rs
description: ""
expression: value
---
Summary {
    lossy: false,
    frontmatter: None,
    headings: [
        HeadingSummary {
            level: 1,
            text: "Bare paths",
            slug: "bare-paths",
            id: None,
            custom_id: None,
        },
    ],
    links: [
        LinkSummary {
            kind: BarePath,
            context: Prose,
            confidence: Implicit,
            raw: "./foo.md",
            path: "./foo.md",
            anchor: None,
            label: None,
            line: None,
            group: None,
            range: "./foo.md",
            text_range: "./foo.md",
            src_line: 3,
        },
        LinkSummary {
            kind: BarePath,
            context: Prose,
            confidence: Implicit,
            raw: "../images/x.png",
            path: "../images/x.png",
            anchor: None,
            label: None,
            line: None,
            group: None,
            range: "../images/x.png",
            text_range: "../images/x.png",
            src_line: 3,
        },
        LinkSummary {
            kind: BarePath,
            context: Prose,
            confidence: Implicit,
            raw: "~/notes/x.md",
            path: "~/notes/x.md",
            anchor: None,
            label: None,
            line: None,
            group: None,
            range: "~/notes/x.md",
            text_range: "~/notes/x.md",
            src_line: 3,
        },
        LinkSummary {
            kind: BarePath,
            context: Prose,
            confidence: Implicit,
            raw: "notes/foo",
            path: "notes/foo",
            anchor: None,
            label: None,
            line: None,
            group: None,
            range: "notes/foo",
            text_range: "notes/foo",
            src_line: 3,
        },
        LinkSummary {
            kind: BarePath,
            context: Prose,
            confidence: Implicit,
            raw: "mode/fast/x",
            path: "mode/fast/x",
            anchor: None,
            label: None,
            line: None,
            group: None,
            range: "mode/fast/x",
            text_range: "mode/fast/x",
            src_line: 4,
        },
        LinkSummary {
            kind: BarePath,
            context: Prose,
            confidence: Implicit,
            raw: "pros/cons",
            path: "pros/cons",
            anchor: None,
            label: None,
            line: None,
            group: None,
            range: "pros/cons",
            text_range: "pros/cons",
            src_line: 4,
        },
    ],
    tags: [],
    link_defs: [],
}
