---
source: crates/mdroots-syntax/tests/corpus.rs
description: ""
expression: value
---
Summary {
    lossy: false,
    frontmatter: None,
    headings: [
        HeadingSummary {
            level: 1,
            text: "A",
            slug: "a",
            id: None,
            custom_id: None,
        },
        HeadingSummary {
            level: 2,
            text: "Section One",
            slug: "section-one",
            id: None,
            custom_id: None,
        },
    ],
    links: [
        LinkSummary {
            kind: Footnote,
            context: Prose,
            confidence: Explicit,
            raw: "^1",
            path: "^1",
            anchor: None,
            label: None,
            line: None,
            group: None,
            range: "[^1]",
            text_range: "[^1]",
            src_line: 7,
        },
        LinkSummary {
            kind: Reference,
            context: Prose,
            confidence: Explicit,
            raw: "canvas.md",
            path: "canvas.md",
            anchor: None,
            label: None,
            line: None,
            group: None,
            range: "[ref link][r]",
            text_range: "ref link",
            src_line: 7,
        },
        LinkSummary {
            kind: Reference,
            context: Prose,
            confidence: Explicit,
            raw: "canvas.md",
            path: "canvas.md",
            anchor: None,
            label: None,
            line: None,
            group: None,
            range: "[r]: canvas.md \"Canvas\"",
            text_range: "[r]: canvas.md \"Canvas\"",
            src_line: 11,
        },
        LinkSummary {
            kind: Html,
            context: Html,
            confidence: Explicit,
            raw: "canvas.md",
            path: "canvas.md",
            anchor: None,
            label: None,
            line: None,
            group: None,
            range: "<a href=\"canvas.md\">",
            text_range: "<a href=\"canvas.md\">",
            src_line: 13,
        },
        LinkSummary {
            kind: Html,
            context: Html,
            confidence: Explicit,
            raw: "img/x.png",
            path: "img/x.png",
            anchor: None,
            label: None,
            line: None,
            group: None,
            range: "<img src=\"img/x.png\">",
            text_range: "<img src=\"img/x.png\">",
            src_line: 13,
        },
        LinkSummary {
            kind: Wiki,
            context: Comment,
            confidence: Explicit,
            raw: "commented",
            path: "commented",
            anchor: None,
            label: None,
            line: None,
            group: None,
            range: "[[commented]]",
            text_range: "commented",
            src_line: 14,
        },
    ],
    tags: [],
    link_defs: [
        (
            "r",
            "canvas.md",
        ),
    ],
}
