---
source: crates/mdroots-syntax/tests/corpus.rs
description: ""
expression: value
---
Summary {
    lossy: false,
    frontmatter: Some(
        FmSummary {
            format: Yaml,
            error: None,
            entries: [
                (
                    "title",
                    Str(
                        "2025 week 40",
                    ),
                ),
                (
                    "date",
                    Str(
                        "2025-09-29",
                    ),
                ),
                (
                    "week",
                    Str(
                        "40",
                    ),
                ),
                (
                    "year",
                    Str(
                        "2025",
                    ),
                ),
                (
                    "tags",
                    List(
                        [
                            "journal",
                        ],
                    ),
                ),
            ],
        },
    ),
    headings: [
        HeadingSummary {
            level: 1,
            text: "2025 week 40",
            slug: "2025-week-40",
            id: None,
            custom_id: None,
        },
    ],
    links: [
        LinkSummary {
            kind: Wiki,
            context: Prose,
            confidence: Explicit,
            raw: "reference/which-soil-is-best",
            path: "reference/which-soil-is-best",
            anchor: None,
            label: None,
            line: None,
            group: None,
            range: "[[reference/which-soil-is-best]]",
            text_range: "reference/which-soil-is-best",
            src_line: 10,
        },
    ],
    tags: [
        TagSummary {
            name: "journal",
            syntax: Frontmatter,
            range: "journal",
        },
    ],
    link_defs: [],
}
